[Files]
"msix\PackageManifest64.msix.xml" "AppxManifest.xml"
"msix\Square44x44Logo.png" "Assets\Square44x44Logo.png"
"msix\Square50x50Logo.png" "Assets\Square50x50Logo.png"
"msix\Square150x150Logo.png" "Assets\Square150x150Logo.png"
"..\README.txt" "README.txt"
"..\COPYRIGHT.txt" "COPYRIGHT.txt"
"..\LICENSE.txt" "LICENSE.txt"
"..\bin\Release64\capslist.txt" "capslist.txt"
"..\bin\Release64\etwguids.txt" "etwguids.txt"
"..\bin\Release64\icon.png" "icon.png"
"..\bin\Release64\ksi.dll" "ksi.dll"
"..\bin\Release64\ksidyn.bin" "ksidyn.bin"
"..\bin\Release64\ksidyn.sig" "ksidyn.sig"
"..\bin\Release64\peview.exe" "peview.exe"
"..\bin\Release64\peview.sig" "peview.sig"
"..\bin\Release64\SystemInformer.exe" "SystemInformer.exe"
"..\bin\Release64\SystemInformer.sig" "SystemInformer.sig"
"..\bin\Release64\SystemInformer.sys" "SystemInformer.sys"
"..\bin\Release64\plugins\DotNetTools.dll" "plugins\DotNetTools.dll"
"..\bin\Release64\plugins\DotNetTools.sig" "plugins\DotNetTools.sig"
"..\bin\Release64\plugins\ExtendedNotifications.dll" "plugins\ExtendedNotifications.dll"
"..\bin\Release64\plugins\ExtendedNotifications.sig" "plugins\ExtendedNotifications.sig"
"..\bin\Release64\plugins\ExtendedServices.dll" "plugins\ExtendedServices.dll"
"..\bin\Release64\plugins\ExtendedServices.sig" "plugins\ExtendedServices.sig"
"..\bin\Release64\plugins\ExtendedTools.dll" "plugins\ExtendedTools.dll"
"..\bin\Release64\plugins\ExtendedTools.sig" "plugins\ExtendedTools.sig"
"..\bin\Release64\plugins\HardwareDevices.dll" "plugins\HardwareDevices.dll"
"..\bin\Release64\plugins\HardwareDevices.sig" "plugins\HardwareDevices.sig"
"..\bin\Release64\plugins\NetworkTools.dll" "plugins\NetworkTools.dll"
"..\bin\Release64\plugins\NetworkTools.sig" "plugins\NetworkTools.sig"
"..\bin\Release64\plugins\OnlineChecks.dll" "plugins\OnlineChecks.dll"
"..\bin\Release64\plugins\OnlineChecks.sig" "plugins\OnlineChecks.sig"
"..\bin\Release64\plugins\ToolStatus.dll" "plugins\ToolStatus.dll"
"..\bin\Release64\plugins\ToolStatus.sig" "plugins\ToolStatus.sig"
"..\bin\Release64\plugins\Updater.dll" "plugins\Updater.dll"
"..\bin\Release64\plugins\Updater.sig" "plugins\Updater.sig"
"..\bin\Release64\plugins\UserNotes.dll" "plugins\UserNotes.dll"
"..\bin\Release64\plugins\UserNotes.sig" "plugins\UserNotes.sig"
"..\bin\Release64\plugins\WindowExplorer.dll" "plugins\WindowExplorer.dll"
"..\bin\Release64\plugins\WindowExplorer.sig" "plugins\WindowExplorer.sig"